Archive member included to satisfy reference by file (symbol)

C:/ST/STM32CubeIDE_1.14.0/STM32CubeIDE/plugins/com.st.stm32cube.ide.mcu.externaltools.gnu-tools-for-stm32.11.3.rel1.win32_1.1.100.202309141235/tools/bin/../lib/gcc/arm-none-eabi/11.3.1/../../../../arm-none-eabi/lib/thumb/v7e-m+fp/hard\libc_nano.a(libc_a-exit.o)
                              C:/ST/STM32CubeIDE_1.14.0/STM32CubeIDE/plugins/com.st.stm32cube.ide.mcu.externaltools.gnu-tools-for-stm32.11.3.rel1.win32_1.1.100.202309141235/tools/bin/../lib/gcc/arm-none-eabi/11.3.1/../../../../arm-none-eabi/lib/thumb/v7e-m+fp/hard/crt0.o (exit)
C:/ST/STM32CubeIDE_1.14.0/STM32CubeIDE/plugins/com.st.stm32cube.ide.mcu.externaltools.gnu-tools-for-stm32.11.3.rel1.win32_1.1.100.202309141235/tools/bin/../lib/gcc/arm-none-eabi/11.3.1/../../../../arm-none-eabi/lib/thumb/v7e-m+fp/hard\libc_nano.a(libc_a-findfp.o)
                              C:/ST/STM32CubeIDE_1.14.0/STM32CubeIDE/plugins/com.st.stm32cube.ide.mcu.externaltools.gnu-tools-for-stm32.11.3.rel1.win32_1.1.100.202309141235/tools/bin/../lib/gcc/arm-none-eabi/11.3.1/../../../../arm-none-eabi/lib/thumb/v7e-m+fp/hard\libc_nano.a(libc_a-exit.o) (__stdio_exit_handler)
C:/ST/STM32CubeIDE_1.14.0/STM32CubeIDE/plugins/com.st.stm32cube.ide.mcu.externaltools.gnu-tools-for-stm32.11.3.rel1.win32_1.1.100.202309141235/tools/bin/../lib/gcc/arm-none-eabi/11.3.1/../../../../arm-none-eabi/lib/thumb/v7e-m+fp/hard\libc_nano.a(libc_a-fwalk.o)
                              C:/ST/STM32CubeIDE_1.14.0/STM32CubeIDE/plugins/com.st.stm32cube.ide.mcu.externaltools.gnu-tools-for-stm32.11.3.rel1.win32_1.1.100.202309141235/tools/bin/../lib/gcc/arm-none-eabi/11.3.1/../../../../arm-none-eabi/lib/thumb/v7e-m+fp/hard\libc_nano.a(libc_a-findfp.o) (_fwalk_sglue)
C:/ST/STM32CubeIDE_1.14.0/STM32CubeIDE/plugins/com.st.stm32cube.ide.mcu.externaltools.gnu-tools-for-stm32.11.3.rel1.win32_1.1.100.202309141235/tools/bin/../lib/gcc/arm-none-eabi/11.3.1/../../../../arm-none-eabi/lib/thumb/v7e-m+fp/hard\libc_nano.a(libc_a-stdio.o)
                              C:/ST/STM32CubeIDE_1.14.0/STM32CubeIDE/plugins/com.st.stm32cube.ide.mcu.externaltools.gnu-tools-for-stm32.11.3.rel1.win32_1.1.100.202309141235/tools/bin/../lib/gcc/arm-none-eabi/11.3.1/../../../../arm-none-eabi/lib/thumb/v7e-m+fp/hard\libc_nano.a(libc_a-findfp.o) (__sread)
C:/ST/STM32CubeIDE_1.14.0/STM32CubeIDE/plugins/com.st.stm32cube.ide.mcu.externaltools.gnu-tools-for-stm32.11.3.rel1.win32_1.1.100.202309141235/tools/bin/../lib/gcc/arm-none-eabi/11.3.1/../../../../arm-none-eabi/lib/thumb/v7e-m+fp/hard\libc_nano.a(libc_a-memcmp.o)
                              ./ThirdParty/SEGGER/OS/SEGGER_SYSVIEW_FreeRTOS.o (memcmp)
C:/ST/STM32CubeIDE_1.14.0/STM32CubeIDE/plugins/com.st.stm32cube.ide.mcu.externaltools.gnu-tools-for-stm32.11.3.rel1.win32_1.1.100.202309141235/tools/bin/../lib/gcc/arm-none-eabi/11.3.1/../../../../arm-none-eabi/lib/thumb/v7e-m+fp/hard\libc_nano.a(libc_a-memset.o)
                              C:/ST/STM32CubeIDE_1.14.0/STM32CubeIDE/plugins/com.st.stm32cube.ide.mcu.externaltools.gnu-tools-for-stm32.11.3.rel1.win32_1.1.100.202309141235/tools/bin/../lib/gcc/arm-none-eabi/11.3.1/../../../../arm-none-eabi/lib/thumb/v7e-m+fp/hard/crt0.o (memset)
C:/ST/STM32CubeIDE_1.14.0/STM32CubeIDE/plugins/com.st.stm32cube.ide.mcu.externaltools.gnu-tools-for-stm32.11.3.rel1.win32_1.1.100.202309141235/tools/bin/../lib/gcc/arm-none-eabi/11.3.1/../../../../arm-none-eabi/lib/thumb/v7e-m+fp/hard\libc_nano.a(libc_a-closer.o)
                              C:/ST/STM32CubeIDE_1.14.0/STM32CubeIDE/plugins/com.st.stm32cube.ide.mcu.externaltools.gnu-tools-for-stm32.11.3.rel1.win32_1.1.100.202309141235/tools/bin/../lib/gcc/arm-none-eabi/11.3.1/../../../../arm-none-eabi/lib/thumb/v7e-m+fp/hard\libc_nano.a(libc_a-stdio.o) (_close_r)
C:/ST/STM32CubeIDE_1.14.0/STM32CubeIDE/plugins/com.st.stm32cube.ide.mcu.externaltools.gnu-tools-for-stm32.11.3.rel1.win32_1.1.100.202309141235/tools/bin/../lib/gcc/arm-none-eabi/11.3.1/../../../../arm-none-eabi/lib/thumb/v7e-m+fp/hard\libc_nano.a(libc_a-reent.o)
                              C:/ST/STM32CubeIDE_1.14.0/STM32CubeIDE/plugins/com.st.stm32cube.ide.mcu.externaltools.gnu-tools-for-stm32.11.3.rel1.win32_1.1.100.202309141235/tools/bin/../lib/gcc/arm-none-eabi/11.3.1/../../../../arm-none-eabi/lib/thumb/v7e-m+fp/hard\libc_nano.a(libc_a-closer.o) (errno)
C:/ST/STM32CubeIDE_1.14.0/STM32CubeIDE/plugins/com.st.stm32cube.ide.mcu.externaltools.gnu-tools-for-stm32.11.3.rel1.win32_1.1.100.202309141235/tools/bin/../lib/gcc/arm-none-eabi/11.3.1/../../../../arm-none-eabi/lib/thumb/v7e-m+fp/hard\libc_nano.a(libc_a-impure.o)
                              C:/ST/STM32CubeIDE_1.14.0/STM32CubeIDE/plugins/com.st.stm32cube.ide.mcu.externaltools.gnu-tools-for-stm32.11.3.rel1.win32_1.1.100.202309141235/tools/bin/../lib/gcc/arm-none-eabi/11.3.1/../../../../arm-none-eabi/lib/thumb/v7e-m+fp/hard\libc_nano.a(libc_a-reent.o) (_impure_ptr)
[...]
Memory Configuration

Name             Origin             Length             Attributes
CCMRAM           0x0000000010000000 0x0000000000010000 xrw
RAM              0x0000000020000000 0x0000000000020000 xrw
FLASH            0x0000000008000000 0x0000000000080000 xr
*default*        0x0000000000000000 0xffffffffffffffff

Linker script and memory map

LOAD C:/ST/STM32CubeIDE_1.14.0/STM32CubeIDE/plugins/com.st.stm32cube.ide.mcu.externaltools.gnu-tools-for-stm32.11.3.rel1.win32_1.1.100.202309141235/tools/bin/../lib/gcc/arm-none-eabi/11.3.1/thumb/v7e-m+fp/hard/crti.o
LOAD C:/ST/STM32CubeIDE_1.14.0/STM32CubeIDE/plugins/com.st.stm32cube.ide.mcu.externaltools.gnu-tools-for-stm32.11.3.rel1.win32_1.1.100.202309141235/tools/bin/../lib/gcc/arm-none-eabi/11.3.1/thumb/v7e-m+fp/hard/crtbegin.o
LOAD C:/ST/STM32CubeIDE_1.14.0/STM32CubeIDE/plugins/com.st.stm32cube.ide.mcu.externaltools.gnu-tools-for-stm32.11.3.rel1.win32_1.1.100.202309141235/tools/bin/../lib/gcc/arm-none-eabi/11.3.1/../../../../arm-none-eabi/lib/thumb/v7e-m+fp/hard/crt0.o
LOAD ./GPIO/GPIO.o
LOAD ./I2C/i2c.o
LOAD ./Src/main.o
LOAD ./Src/syscalls.o
LOAD ./Src/sysmem.o
LOAD ./Startup/startup_stm32f407vetx.o
LOAD ./ThirdParty/FreeRTOS/croutine.o
LOAD ./ThirdParty/FreeRTOS/event_groups.o
LOAD ./ThirdParty/FreeRTOS/list.o
LOAD ./ThirdParty/FreeRTOS/queue.o
LOAD ./ThirdParty/FreeRTOS/stream_buffer.o
LOAD ./ThirdParty/FreeRTOS/tasks.o
LOAD ./ThirdParty/FreeRTOS/timers.o
LOAD ./ThirdParty/FreeRTOS/portable/GCC/ARM_CM4F/port.o
LOAD ./ThirdParty/FreeRTOS/portable/MemMang/heap_4.o
LOAD ./ThirdParty/SEGGER/Config/SEGGER_SYSVIEW_Config_FreeRTOS.o
LOAD ./ThirdParty/SEGGER/OS/SEGGER_SYSVIEW_FreeRTOS.o
LOAD ./ThirdParty/SEGGER/Rec/segger_uart.o
LOAD ./ThirdParty/SEGGER/SEGGER/SEGGER_RTT.o
LOAD ./ThirdParty/SEGGER/SEGGER/SEGGER_RTT_ASM_ARMv7M.o
LOAD ./ThirdParty/SEGGER/SEGGER/SEGGER_RTT_printf.o
LOAD ./ThirdParty/SEGGER/SEGGER/SEGGER_SYSVIEW.o
LOAD ./ThirdParty/SEGGER/SEGGER/Syscalls/SEGGER_RTT_Syscalls_GCC.o
START GROUP
LOAD C:/ST/STM32CubeIDE_1.14.0/STM32CubeIDE/plugins/com.st.stm32cube.ide.mcu.externaltools.gnu-tools-for-stm32.11.3.rel1.win32_1.1.100.202309141235/tools/bin/../lib/gcc/arm-none-eabi/11.3.1/../../../../arm-none-eabi/lib/thumb/v7e-m+fp/hard\libc_nano.a
LOAD C:/ST/STM32CubeIDE_1.14.0/STM32CubeIDE/plugins/com.st.stm32cube.ide.mcu.externaltools.gnu-tools-for-stm32.11.3.rel1.win32_1.1.100.202309141235/tools/bin/../lib/gcc/arm-none-eabi/11.3.1/../../../../arm-none-eabi/lib/thumb/v7e-m+fp/hard\libm.a
END GROUP
START GROUP
LOAD C:/ST/STM32CubeIDE_1.14.0/STM32CubeIDE/plugins/com.st.stm32cube.ide.mcu.externaltools.gnu-tools-for-stm32.11.3.rel1.win32_1.1.100.202309141235/tools/bin/../lib/gcc/arm-none-eabi/11.3.1/thumb/v7e-m+fp/hard\libgcc.a
LOAD C:/ST/STM32CubeIDE_1.14.0/STM32CubeIDE/plugins/com.st.stm32cube.ide.mcu.externaltools.gnu-tools-for-stm32.11.3.rel1.win32_1.1.100.202309141235/tools/bin/../lib/gcc/arm-none-eabi/11.3.1/../../../../arm-none-eabi/lib/thumb/v7e-m+fp/hard\libc_nano.a
END GROUP
START GROUP
LOAD C:/ST/STM32CubeIDE_1.14.0/STM32CubeIDE/plugins/com.st.stm32cube.ide.mcu.externaltools.gnu-tools-for-stm32.11.3.rel1.win32_1.1.100.202309141235/tools/bin/../lib/gcc/arm-none-eabi/11.3.1/thumb/v7e-m+fp/hard\libgcc.a
LOAD C:/ST/STM32CubeIDE_1.14.0/STM32CubeIDE/plugins/com.st.stm32cube.ide.mcu.externaltools.gnu-tools-for-stm32.11.3.rel1.win32_1.1.100.202309141235/tools/bin/../lib/gcc/arm-none-eabi/11.3.1/../../../../arm-none-eabi/lib/thumb/v7e-m+fp/hard\libc_nano.a
LOAD C:/ST/STM32CubeIDE_1.14.0/STM32CubeIDE/plugins/com.st.stm32cube.ide.mcu.externaltools.gnu-tools-for-stm32.11.3.rel1.win32_1.1.100.202309141235/tools/bin/../lib/gcc/arm-none-eabi/11.3.1/../../../../arm-none-eabi/lib/thumb/v7e-m+fp/hard\libnosys.a
END GROUP
START GROUP
LOAD C:/ST/STM32CubeIDE_1.14.0/STM32CubeIDE/plugins/com.st.stm32cube.ide.mcu.externaltools.gnu-tools-for-stm32.11.3.rel1.win32_1.1.100.202309141235/tools/bin/../lib/gcc/arm-none-eabi/11.3.1/thumb/v7e-m+fp/hard\libgcc.a
LOAD C:/ST/STM32CubeIDE_1.14.0/STM32CubeIDE/plugins/com.st.stm32cube.ide.mcu.externaltools.gnu-tools-for-stm32.11.3.rel1.win32_1.1.100.202309141235/tools/bin/../lib/gcc/arm-none-eabi/11.3.1/../../../../arm-none-eabi/lib/thumb/v7e-m+fp/hard\libc_nano.a
LOAD C:/ST/STM32CubeIDE_1.14.0/STM32CubeIDE/plugins/com.st.stm32cube.ide.mcu.externaltools.gnu-tools-for-stm32.11.3.rel1.win32_1.1.100.202309141235/tools/bin/../lib/gcc/arm-none-eabi/11.3.1/../../../../arm-none-eabi/lib/thumb/v7e-m+fp/hard\libnosys.a
END GROUP
LOAD C:/ST/STM32CubeIDE_1.14.0/STM32CubeIDE/plugins/com.st.stm32cube.ide.mcu.externaltools.gnu-tools-for-stm32.11.3.rel1.win32_1.1.100.202309141235/tools/bin/../lib/gcc/arm-none-eabi/11.3.1/thumb/v7e-m+fp/hard/crtend.o
LOAD C:/ST/STM32CubeIDE_1.14.0/STM32CubeIDE/plugins/com.st.stm32cube.ide.mcu.externaltools.gnu-tools-for-stm32.11.3.rel1.win32_1.1.100.202309141235/tools/bin/../lib/gcc/arm-none-eabi/11.3.1/thumb/v7e-m+fp/hard/crtn.o
                0x0000000020020000                _estack = (ORIGIN (RAM) + LENGTH (RAM))
                0x0000000000000200                _Min_Heap_Size = 0x200
                0x0000000000000400                _Min_Stack_Size = 0x400

.isr_vector     0x0000000008000000      0x188
                0x0000000008000000                . = ALIGN (0x4)
 *(.isr_vector)
 .isr_vector    0x0000000008000000      0x188 ./Startup/startup_stm32f407vetx.o
                0x0000000008000000                g_pfnVectors
                0x0000000008000188                . = ALIGN (0x4)

.text           0x0000000008000190     0x3fa0
                0x0000000008000190                . = ALIGN (0x4)
 *(.text)
 .text          0x0000000008000190       0x40 C:/ST/STM32CubeIDE_1.14.0/STM32CubeIDE/plugins/com.st.stm32cube.ide.mcu.externaltools.gnu-tools-for-stm32.11.3.rel1.win32_1.1.100.202309141235/tools/bin/../lib/gcc/arm-none-eabi/11.3.1/thumb/v7e-m+fp/hard/crtbegin.o
 .text          0x00000000080001d0       0x94 ./ThirdParty/SEGGER/SEGGER/SEGGER_RTT_ASM_ARMv7M.o
                0x00000000080001d0                SEGGER_RTT_ASM_WriteSkipNoLock
 *(.text*)
 .text.GPIO_Init
                0x0000000008000264       0x30 ./GPIO/GPIO.o
                0x0000000008000264                GPIO_Init
 .text.I2c_Init
                0x0000000008000294       0xd4 ./I2C/i2c.o
                0x0000000008000294                I2c_Init
 .text.I2c_Start
                0x0000000008000368       0x34 ./I2C/i2c.o
                0x0000000008000368                I2c_Start
 .text.I2c_Stop
                0x000000000800039c       0x20 ./I2C/i2c.o
                0x000000000800039c                I2c_Stop
 .text.I2c_Address
                0x00000000080003bc       0x48 ./I2C/i2c.o
                0x00000000080003bc                I2c_Address
 .text.I2c_Write
                0x0000000008000404       0x44 ./I2C/i2c.o
                0x0000000008000404                I2c_Write
 .text.main     0x0000000008000448       0x90 ./Src/main.o
                0x0000000008000448                main
 .text.LED_Blink
                0x00000000080004d8       0x24 ./Src/main.o
 .text.EEPROM_Write
                0x00000000080004fc       0x6c ./Src/main.o
 .text.Reset_Handler
                0x0000000008000568       0x50 ./Startup/startup_stm32f407vetx.o
                0x0000000008000568                Reset_Handler
 .text.Default_Handler
                0x00000000080005b8        0x2 ./Startup/startup_stm32f407vetx.o
                0x00000000080005b8                RTC_Alarm_IRQHandler
                0x00000000080005b8                HASH_RNG_IRQHandler
                0x00000000080005b8                EXTI2_IRQHandler
                0x00000000080005b8                TIM8_CC_IRQHandler
                0x00000000080005b8                DebugMon_Handler
                0x00000000080005b8                TIM1_CC_IRQHandler
                0x00000000080005b8                DMA2_Stream5_IRQHandler
                0x00000000080005b8                HardFault_Handler
                0x00000000080005b8                DMA1_Stream5_IRQHandler
                0x00000000080005b8                PVD_IRQHandler
                0x00000000080005b8                SDIO_IRQHandler
                0x00000000080005b8                TAMP_STAMP_IRQHandler
                0x00000000080005b8                NMI_Handler
                0x00000000080005b8                CAN2_RX1_IRQHandler
                0x00000000080005b8                EXTI3_IRQHandler
                0x00000000080005b8                TIM8_TRG_COM_TIM14_IRQHandler
                0x00000000080005b8                TIM1_UP_TIM10_IRQHandler
                0x00000000080005b8                TIM8_UP_TIM13_IRQHandler
                0x00000000080005b8                I2C3_ER_IRQHandler
                0x00000000080005b8                EXTI0_IRQHandler
                0x00000000080005b8                I2C2_EV_IRQHandler
                0x00000000080005b8                DMA1_Stream2_IRQHandler
                0x00000000080005b8                CAN1_RX0_IRQHandler
                0x00000000080005b8                FPU_IRQHandler
                0x00000000080005b8                OTG_HS_WKUP_IRQHandler
                0x00000000080005b8                UsageFault_Handler
                0x00000000080005b8                CAN2_SCE_IRQHandler
                0x00000000080005b8                DMA2_Stream2_IRQHandler
                0x00000000080005b8                SPI1_IRQHandler
                0x00000000080005b8                TIM6_DAC_IRQHandler
                0x00000000080005b8                TIM1_BRK_TIM9_IRQHandler
                0x00000000080005b8                DCMI_IRQHandler
                0x00000000080005b8                CAN2_RX0_IRQHandler
                0x00000000080005b8                DMA2_Stream3_IRQHandler
                0x00000000080005b8                USART6_IRQHandler
                0x00000000080005b8                USART3_IRQHandler
                0x00000000080005b8                CRYP_IRQHandler
                0x00000000080005b8                CAN1_RX1_IRQHandler
                0x00000000080005b8                UART5_IRQHandler
                0x00000000080005b8                DMA2_Stream0_IRQHandler
                0x00000000080005b8                TIM4_IRQHandler
                0x00000000080005b8                I2C1_EV_IRQHandler
                0x00000000080005b8                DMA1_Stream6_IRQHandler
                0x00000000080005b8                DMA1_Stream1_IRQHandler
                0x00000000080005b8                UART4_IRQHandler
                0x00000000080005b8                TIM3_IRQHandler
                0x00000000080005b8                RCC_IRQHandler
                0x00000000080005b8                TIM8_BRK_TIM12_IRQHandler
                0x00000000080005b8                Default_Handler
                0x00000000080005b8                EXTI15_10_IRQHandler
                0x00000000080005b8                ADC_IRQHandler
                0x00000000080005b8                DMA1_Stream7_IRQHandler
                0x00000000080005b8                TIM7_IRQHandler
                0x00000000080005b8                CAN2_TX_IRQHandler
                0x00000000080005b8                TIM5_IRQHandler
                0x00000000080005b8                DMA2_Stream7_IRQHandler
                0x00000000080005b8                I2C3_EV_IRQHandler
                0x00000000080005b8                EXTI9_5_IRQHandler
                0x00000000080005b8                RTC_WKUP_IRQHandler
                0x00000000080005b8                ETH_WKUP_IRQHandler
                0x00000000080005b8                SPI2_IRQHandler
                0x00000000080005b8                OTG_HS_EP1_IN_IRQHandler
                0x00000000080005b8                MemManage_Handler
                0x00000000080005b8                DMA1_Stream0_IRQHandler
                0x00000000080005b8                CAN1_TX_IRQHandler
                0x00000000080005b8                EXTI4_IRQHandler
                0x00000000080005b8                FSMC_IRQHandler
                0x00000000080005b8                ETH_IRQHandler
                0x00000000080005b8                OTG_HS_EP1_OUT_IRQHandler
                0x00000000080005b8                WWDG_IRQHandler
                0x00000000080005b8                TIM2_IRQHandler
                0x00000000080005b8                OTG_FS_WKUP_IRQHandler
                0x00000000080005b8                TIM1_TRG_COM_TIM11_IRQHandler
                0x00000000080005b8                OTG_HS_IRQHandler
                0x00000000080005b8                EXTI1_IRQHandler
                0x00000000080005b8                I2C2_ER_IRQHandler
                0x00000000080005b8                DMA2_Stream1_IRQHandler
                0x00000000080005b8                CAN1_SCE_IRQHandler
                0x00000000080005b8                DMA2_Stream4_IRQHandler
                0x00000000080005b8                BusFault_Handler
                0x00000000080005b8                USART1_IRQHandler
                0x00000000080005b8                OTG_FS_IRQHandler
                0x00000000080005b8                SPI3_IRQHandler
                0x00000000080005b8                DMA1_Stream4_IRQHandler
                0x00000000080005b8                I2C1_ER_IRQHandler
                0x00000000080005b8                DMA2_Stream6_IRQHandler
                0x00000000080005b8                DMA1_Stream3_IRQHandler
 .text.vListInitialise
                0x00000000080005ba       0x40 ./ThirdParty/FreeRTOS/list.o
                0x00000000080005ba                vListInitialise
 .text.vListInitialiseItem
                0x00000000080005fa       0x1a ./ThirdParty/FreeRTOS/list.o
                0x00000000080005fa                vListInitialiseItem
 .text.vListInsert
                0x0000000008000614       0x72 ./ThirdParty/FreeRTOS/list.o
                0x0000000008000614                vListInsert
 .text.uxListRemove
                0x0000000008000686       0x54 ./ThirdParty/FreeRTOS/list.o
                0x0000000008000686                uxListRemove
 *fill*         0x00000000080006da        0x2 
 .text.xQueueGenericReset
                0x00000000080006dc      0x120 ./ThirdParty/FreeRTOS/queue.o
                0x00000000080006dc                xQueueGenericReset
 .text.xQueueGenericCreate
                0x00000000080007fc       0x9c ./ThirdParty/FreeRTOS/queue.o
                0x00000000080007fc                xQueueGenericCreate
 .text.prvInitialiseNewQueue
                0x0000000008000898       0x52 ./ThirdParty/FreeRTOS/queue.o
 *fill*         0x00000000080008ea        0x2 
 .text.xQueueReceive
                0x00000000080008ec      0x220 ./ThirdParty/FreeRTOS/queue.o
                0x00000000080008ec                xQueueReceive
 .text.prvCopyDataFromQueue
                0x0000000008000b0c       0x4c ./ThirdParty/FreeRTOS/queue.o
 .text.prvUnlockQueue
                0x0000000008000b58       0xa4 ./ThirdParty/FreeRTOS/queue.o
 .text.prvIsQueueEmpty
                0x0000000008000bfc       0x2c ./ThirdParty/FreeRTOS/queue.o
 .text.vQueueAddToRegistry
                0x0000000008000c28       0xac ./ThirdParty/FreeRTOS/queue.o
                0x0000000008000c28                vQueueAddToRegistry
 .text.vQueueWaitForMessageRestricted
                0x0000000008000cd4       0x68 ./ThirdParty/FreeRTOS/queue.o
                0x0000000008000cd4                vQueueWaitForMessageRestricted
 .text.xTaskCreate
                0x0000000008000d3c       0x8c ./ThirdParty/FreeRTOS/tasks.o
                0x0000000008000d3c                xTaskCreate
 .text.prvInitialiseNewTask
                0x0000000008000dc8      0x11c ./ThirdParty/FreeRTOS/tasks.o
 .text.prvAddNewTaskToReadyList
                0x0000000008000ee4      0x168 ./ThirdParty/FreeRTOS/tasks.o
 .text.vTaskDelay
                0x000000000800104c       0x70 ./ThirdParty/FreeRTOS/tasks.o
                0x000000000800104c                vTaskDelay
 .text.vTaskStartScheduler
                0x00000000080010bc       0xc4 ./ThirdParty/FreeRTOS/tasks.o
                0x00000000080010bc                vTaskStartScheduler
 .text.vTaskSuspendAll
                0x0000000008001180       0x1c ./ThirdParty/FreeRTOS/tasks.o
                0x0000000008001180                vTaskSuspendAll
 .text.xTaskResumeAll
                0x000000000800119c      0x200 ./ThirdParty/FreeRTOS/tasks.o
                0x000000000800119c                xTaskResumeAll
 .text.xTaskGetTickCount
                0x000000000800139c       0x20 ./ThirdParty/FreeRTOS/tasks.o
                0x000000000800139c                xTaskGetTickCount
 .text.xTaskIncrementTick
                0x00000000080013bc      0x234 ./ThirdParty/FreeRTOS/tasks.o
                0x00000000080013bc                xTaskIncrementTick
 .text.vTaskSwitchContext
                0x00000000080015f0       0xd4 ./ThirdParty/FreeRTOS/tasks.o
                0x00000000080015f0                vTaskSwitchContext
 .text.vTaskPlaceOnEventList
                0x00000000080016c4       0x48 ./ThirdParty/FreeRTOS/tasks.o
                0x00000000080016c4                vTaskPlaceOnEventList
 .text.vTaskPlaceOnEventListRestricted
                0x000000000800170c       0x90 ./ThirdParty/FreeRTOS/tasks.o
                0x000000000800170c                vTaskPlaceOnEventListRestricted
 .text.xTaskRemoveFromEventList
                0x000000000800179c      0x1b0 ./ThirdParty/FreeRTOS/tasks.o
                0x000000000800179c                xTaskRemoveFromEventList
 .text.vTaskInternalSetTimeOutState
                0x000000000800194c       0x2c ./ThirdParty/FreeRTOS/tasks.o
                0x000000000800194c                vTaskInternalSetTimeOutState
 .text.xTaskCheckForTimeOut
                0x0000000008001978       0xcc ./ThirdParty/FreeRTOS/tasks.o
                0x0000000008001978                xTaskCheckForTimeOut
 .text.vTaskMissedYield
                0x0000000008001a44       0x18 ./ThirdParty/FreeRTOS/tasks.o
                0x0000000008001a44                vTaskMissedYield
 .text.prvIdleTask
                0x0000000008001a5c       0x30 ./ThirdParty/FreeRTOS/tasks.o
 .text.prvInitialiseTaskLists
                0x0000000008001a8c       0x80 ./ThirdParty/FreeRTOS/tasks.o
 .text.prvCheckTasksWaitingTermination
                0x0000000008001b0c       0x5c ./ThirdParty/FreeRTOS/tasks.o
 .text.prvDeleteTCB
                0x0000000008001b68       0x20 ./ThirdParty/FreeRTOS/tasks.o
 .text.prvResetNextTaskUnblockTime
                0x0000000008001b88       0x38 ./ThirdParty/FreeRTOS/tasks.o
 .text.xTaskGetSchedulerState
                0x0000000008001bc0       0x3c ./ThirdParty/FreeRTOS/tasks.o
                0x0000000008001bc0                xTaskGetSchedulerState
 .text.prvAddCurrentTaskToDelayedList
                0x0000000008001bfc      0x100 ./ThirdParty/FreeRTOS/tasks.o
 .text.xTimerCreateTimerTask
                0x0000000008001cfc       0x64 ./ThirdParty/FreeRTOS/timers.o
                0x0000000008001cfc                xTimerCreateTimerTask
 .text.prvReloadTimer
                0x0000000008001d60       0x42 ./ThirdParty/FreeRTOS/timers.o
 *fill*         0x0000000008001da2        0x2 
 .text.prvProcessExpiredTimer
                0x0000000008001da4       0x60 ./ThirdParty/FreeRTOS/timers.o
 .text.prvTimerTask
                0x0000000008001e04       0x24 ./ThirdParty/FreeRTOS/timers.o
 .text.prvProcessTimerOrBlockTask
                0x0000000008001e28       0x9c ./ThirdParty/FreeRTOS/timers.o
 .text.prvGetNextExpireTime
                0x0000000008001ec4       0x48 ./ThirdParty/FreeRTOS/timers.o
 .text.prvSampleTimeNow
                0x0000000008001f0c       0x40 ./ThirdParty/FreeRTOS/timers.o
 .text.prvInsertTimerInActiveList
                0x0000000008001f4c       0x84 ./ThirdParty/FreeRTOS/timers.o
 .text.prvProcessReceivedCommands
                0x0000000008001fd0      0x17c ./ThirdParty/FreeRTOS/timers.o
 .text.prvSwitchTimerLists
                0x000000000800214c       0x4c ./ThirdParty/FreeRTOS/timers.o
 .text.prvCheckForValidListAndQueue
                0x0000000008002198       0x6c ./ThirdParty/FreeRTOS/timers.o
 .text.pxPortInitialiseStack
                0x0000000008002204       0x68 ./ThirdParty/FreeRTOS/portable/GCC/ARM_CM4F/port.o
                0x0000000008002204                pxPortInitialiseStack
 .text.prvTaskExitError
                0x000000000800226c       0x58 ./ThirdParty/FreeRTOS/portable/GCC/ARM_CM4F/port.o
 *fill*         0x00000000080022c4        0xc 
 .text.SVC_Handler
                0x00000000080022d0       0x28 ./ThirdParty/FreeRTOS/portable/GCC/ARM_CM4F/port.o
                0x00000000080022d0                SVC_Handler
 .text.prvPortStartFirstTask
                0x00000000080022f8       0x2c ./ThirdParty/FreeRTOS/portable/GCC/ARM_CM4F/port.o
 .text.xPortStartScheduler
                0x0000000008002324      0x144 ./ThirdParty/FreeRTOS/portable/GCC/ARM_CM4F/port.o
                0x0000000008002324                xPortStartScheduler
 .text.vPortEnterCritical
                0x0000000008002468       0x60 ./ThirdParty/FreeRTOS/portable/GCC/ARM_CM4F/port.o
                0x0000000008002468                vPortEnterCritical
 .text.vPortExitCritical
                0x00000000080024c8       0x54 ./ThirdParty/FreeRTOS/portable/GCC/ARM_CM4F/port.o
                0x00000000080024c8                vPortExitCritical
 *fill*         0x000000000800251c        0x4 
 .text.PendSV_Handler
                0x0000000008002520       0x68 ./ThirdParty/FreeRTOS/portable/GCC/ARM_CM4F/port.o
                0x0000000008002520                PendSV_Handler
 .text.SysTick_Handler
                0x0000000008002588       0x54 ./ThirdParty/FreeRTOS/portable/GCC/ARM_CM4F/port.o
                0x0000000008002588                SysTick_Handler
 .text.vPortSetupTimerInterrupt
                0x00000000080025dc       0x34 ./ThirdParty/FreeRTOS/portable/GCC/ARM_CM4F/port.o
                0x00000000080025dc                vPortSetupTimerInterrupt
 .text.vPortEnableVFP
                0x0000000008002610       0x18 ./ThirdParty/FreeRTOS/portable/GCC/ARM_CM4F/port.o
 .text.pvPortMalloc
                0x0000000008002628      0x174 ./ThirdParty/FreeRTOS/portable/MemMang/heap_4.o
                0x0000000008002628                pvPortMalloc
 .text.vPortFree
                0x000000000800279c       0xb8 ./ThirdParty/FreeRTOS/portable/MemMang/heap_4.o
                0x000000000800279c                vPortFree
 .text.prvHeapInit
                0x0000000008002854       0xb8 ./ThirdParty/FreeRTOS/portable/MemMang/heap_4.o
 .text.prvInsertBlockIntoFreeList
                0x000000000800290c       0xb4 ./ThirdParty/FreeRTOS/portable/MemMang/heap_4.o
 .text.SYSVIEW_AddTask
                0x00000000080029c0       0xd0 ./ThirdParty/SEGGER/OS/SEGGER_SYSVIEW_FreeRTOS.o
                0x00000000080029c0                SYSVIEW_AddTask
 .text.SYSVIEW_SendTaskInfo
                0x0000000008002a90       0x42 ./ThirdParty/SEGGER/OS/SEGGER_SYSVIEW_FreeRTOS.o
                0x0000000008002a90                SYSVIEW_SendTaskInfo
 *fill*         0x0000000008002ad2        0x2 
 .text.USART2_IRQHandler
                0x0000000008002ad4       0x94 ./ThirdParty/SEGGER/Rec/segger_uart.o
                0x0000000008002ad4                USART2_IRQHandler
 .text.HIF_UART_EnableTXEInterrupt
                0x0000000008002b68       0x20 ./ThirdParty/SEGGER/Rec/segger_uart.o
                0x0000000008002b68                HIF_UART_EnableTXEInterrupt
 .text._DoInit  0x0000000008002b88       0xb4 ./ThirdParty/SEGGER/SEGGER/SEGGER_RTT.o
 .text.SEGGER_RTT_ReadNoLock
                0x0000000008002c3c      0x10c ./ThirdParty/SEGGER/SEGGER/SEGGER_RTT.o
                0x0000000008002c3c                SEGGER_RTT_ReadNoLock
 .text._EncodeStr
                0x0000000008002d48       0x60 ./ThirdParty/SEGGER/SEGGER/SEGGER_SYSVIEW.o
 .text._PreparePacket
                0x0000000008002da8       0x18 ./ThirdParty/SEGGER/SEGGER/SEGGER_SYSVIEW.o
 .text._HandleIncomingPacket
                0x0000000008002dc0       0xdc ./ThirdParty/SEGGER/SEGGER/SEGGER_SYSVIEW.o
 .text._TrySendOverflowPacket
                0x0000000008002e9c       0xe8 ./ThirdParty/SEGGER/SEGGER/SEGGER_SYSVIEW.o
 .text._SendPacket
                0x0000000008002f84      0x2e0 ./ThirdParty/SEGGER/SEGGER/SEGGER_SYSVIEW.o
 .text.SEGGER_SYSVIEW_RecordVoid
                0x0000000008003264       0x3c ./ThirdParty/SEGGER/SEGGER/SEGGER_SYSVIEW.o
                0x0000000008003264                SEGGER_SYSVIEW_RecordVoid
 .text.SEGGER_SYSVIEW_RecordU32
                0x00000000080032a0       0x78 ./ThirdParty/SEGGER/SEGGER/SEGGER_SYSVIEW.o
                0x00000000080032a0                SEGGER_SYSVIEW_RecordU32
 .text.SEGGER_SYSVIEW_RecordU32x2
                0x0000000008003318       0xb4 ./ThirdParty/SEGGER/SEGGER/SEGGER_SYSVIEW.o
                0x0000000008003318                SEGGER_SYSVIEW_RecordU32x2
 .text.SEGGER_SYSVIEW_RecordU32x3
                0x00000000080033cc       0xec ./ThirdParty/SEGGER/SEGGER/SEGGER_SYSVIEW.o
                0x00000000080033cc                SEGGER_SYSVIEW_RecordU32x3
 .text.SEGGER_SYSVIEW_RecordU32x4
                0x00000000080034b8      0x124 ./ThirdParty/SEGGER/SEGGER/SEGGER_SYSVIEW.o
                0x00000000080034b8                SEGGER_SYSVIEW_RecordU32x4
 .text.SEGGER_SYSVIEW_Start
                0x00000000080035dc      0x178 ./ThirdParty/SEGGER/SEGGER/SEGGER_SYSVIEW.o
                0x00000000080035dc                SEGGER_SYSVIEW_Start
 .text.SEGGER_SYSVIEW_Stop
                0x0000000008003754       0x4c ./ThirdParty/SEGGER/SEGGER/SEGGER_SYSVIEW.o
                0x0000000008003754                SEGGER_SYSVIEW_Stop
 .text.SEGGER_SYSVIEW_GetSysDesc
                0x00000000080037a0      0x134 ./ThirdParty/SEGGER/SEGGER/SEGGER_SYSVIEW.o
                0x00000000080037a0                SEGGER_SYSVIEW_GetSysDesc
 .text.SEGGER_SYSVIEW_SendTaskInfo
                0x00000000080038d4      0x1c8 ./ThirdParty/SEGGER/SEGGER/SEGGER_SYSVIEW.o
                0x00000000080038d4                SEGGER_SYSVIEW_SendTaskInfo
 .text.SEGGER_SYSVIEW_SendTaskList
                0x0000000008003a9c       0x28 ./ThirdParty/SEGGER/SEGGER/SEGGER_SYSVIEW.o
                0x0000000008003a9c                SEGGER_SYSVIEW_SendTaskList
 .text.SEGGER_SYSVIEW_RecordSystime
                0x0000000008003ac4       0x64 ./ThirdParty/SEGGER/SEGGER/SEGGER_SYSVIEW.o
                0x0000000008003ac4                SEGGER_SYSVIEW_RecordSystime
 .text.SEGGER_SYSVIEW_RecordEnterISR
                0x0000000008003b28       0x84 ./ThirdParty/SEGGER/SEGGER/SEGGER_SYSVIEW.o
                0x0000000008003b28                SEGGER_SYSVIEW_RecordEnterISR
 .text.SEGGER_SYSVIEW_RecordExitISR
                0x0000000008003bac       0x38 ./ThirdParty/SEGGER/SEGGER/SEGGER_SYSVIEW.o
                0x0000000008003bac                SEGGER_SYSVIEW_RecordExitISR
 .text.SEGGER_SYSVIEW_RecordExitISRToScheduler
                0x0000000008003be4       0x38 ./ThirdParty/SEGGER/SEGGER/SEGGER_SYSVIEW.o
                0x0000000008003be4                SEGGER_SYSVIEW_RecordExitISRToScheduler
 .text.SEGGER_SYSVIEW_OnIdle
                0x0000000008003c1c       0x38 ./ThirdParty/SEGGER/SEGGER/SEGGER_SYSVIEW.o
                0x0000000008003c1c                SEGGER_SYSVIEW_OnIdle
 .text.SEGGER_SYSVIEW_OnTaskCreate
                0x0000000008003c54       0x84 ./ThirdParty/SEGGER/SEGGER/SEGGER_SYSVIEW.o
                0x0000000008003c54                SEGGER_SYSVIEW_OnTaskCreate
 .text.SEGGER_SYSVIEW_OnTaskStartExec
                0x0000000008003cd8       0x84 ./ThirdParty/SEGGER/SEGGER/SEGGER_SYSVIEW.o
                0x0000000008003cd8                SEGGER_SYSVIEW_OnTaskStartExec
 .text.SEGGER_SYSVIEW_OnTaskStartReady
                0x0000000008003d5c       0x84 ./ThirdParty/SEGGER/SEGGER/SEGGER_SYSVIEW.o
                0x0000000008003d5c                SEGGER_SYSVIEW_OnTaskStartReady
 .text.SEGGER_SYSVIEW_ShrinkId
                0x0000000008003de0       0x20 ./ThirdParty/SEGGER/SEGGER/SEGGER_SYSVIEW.o
                0x0000000008003de0                SEGGER_SYSVIEW_ShrinkId
 .text.SEGGER_SYSVIEW_SendModule
                0x0000000008003e00      0x114 ./ThirdParty/SEGGER/SEGGER/SEGGER_SYSVIEW.o
                0x0000000008003e00                SEGGER_SYSVIEW_SendModule
 .text.SEGGER_SYSVIEW_SendModuleDescription
                0x0000000008003f14       0x3c ./ThirdParty/SEGGER/SEGGER/SEGGER_SYSVIEW.o
                0x0000000008003f14                SEGGER_SYSVIEW_SendModuleDescription
 .text.SEGGER_SYSVIEW_SendNumModules
                0x0000000008003f50       0x7c ./ThirdParty/SEGGER/SEGGER/SEGGER_SYSVIEW.o
                0x0000000008003f50                SEGGER_SYSVIEW_SendNumModules
 .text.SEGGER_SYSVIEW_Warn
                0x0000000008003fcc       0xb8 ./ThirdParty/SEGGER/SEGGER/SEGGER_SYSVIEW.o
                0x0000000008003fcc                SEGGER_SYSVIEW_Warn
 .text.memcmp   0x0000000008004084       0x20 C:/ST/STM32CubeIDE_1.14.0/STM32CubeIDE/plugins/com.st.stm32cube.ide.mcu.externaltools.gnu-tools-for-stm32.11.3.rel1.win32_1.1.100.202309141235/tools/bin/../lib/gcc/arm-none-eabi/11.3.1/../../../../arm-none-eabi/lib/thumb/v7e-m+fp/hard\libc_nano.a(libc_a-memcmp.o)
                0x0000000008004084                memcmp
 .text.memset   0x00000000080040a4       0x10 C:/ST/STM32CubeIDE_1.14.0/STM32CubeIDE/plugins/com.st.stm32cube.ide.mcu.externaltools.gnu-tools-for-stm32.11.3.rel1.win32_1.1.100.202309141235/tools/bin/../lib/gcc/arm-none-eabi/11.3.1/../../../../arm-none-eabi/lib/thumb/v7e-m+fp/hard\libc_nano.a(libc_a-memset.o)
                0x00000000080040a4                memset
 .text.__libc_init_array
                0x00000000080040b4       0x48 C:/ST/STM32CubeIDE_1.14.0/STM32CubeIDE/plugins/com.st.stm32cube.ide.mcu.externaltools.gnu-tools-for-stm32.11.3.rel1.win32_1.1.100.202309141235/tools/bin/../lib/gcc/arm-none-eabi/11.3.1/../../../../arm-none-eabi/lib/thumb/v7e-m+fp/hard\libc_nano.a(libc_a-init.o)
                0x00000000080040b4                __libc_init_array
 .text.memcpy   0x00000000080040fc       0x1c C:/ST/STM32CubeIDE_1.14.0/STM32CubeIDE/plugins/com.st.stm32cube.ide.mcu.externaltools.gnu-tools-for-stm32.11.3.rel1.win32_1.1.100.202309141235/tools/bin/../lib/gcc/arm-none-eabi/11.3.1/../../../../arm-none-eabi/lib/thumb/v7e-m+fp/hard\libc_nano.a(libc_a-memcpy-stub.o)
                0x00000000080040fc                memcpy
 *(.glue_7)
 .glue_7        0x0000000008004118        0x0 linker stubs
 *(.glue_7t)
 .glue_7t       0x0000000008004118        0x0 linker stubs
 *(.eh_frame)
 .eh_frame      0x0000000008004118        0x0 C:/ST/STM32CubeIDE_1.14.0/STM32CubeIDE/plugins/com.st.stm32cube.ide.mcu.externaltools.gnu-tools-for-stm32.11.3.rel1.win32_1.1.100.202309141235/tools/bin/../lib/gcc/arm-none-eabi/11.3.1/thumb/v7e-m+fp/hard/crtbegin.o
 *(.init)
 .init          0x0000000008004118        0x4 C:/ST/STM32CubeIDE_1.14.0/STM32CubeIDE/plugins/com.st.stm32cube.ide.mcu.externaltools.gnu-tools-for-stm32.11.3.rel1.win32_1.1.100.202309141235/tools/bin/../lib/gcc/arm-none-eabi/11.3.1/thumb/v7e-m+fp/hard/crti.o
                0x0000000008004118                _init
 .init          0x000000000800411c        0x8 C:/ST/STM32CubeIDE_1.14.0/STM32CubeIDE/plugins/com.st.stm32cube.ide.mcu.externaltools.gnu-tools-for-stm32.11.3.rel1.win32_1.1.100.202309141235/tools/bin/../lib/gcc/arm-none-eabi/11.3.1/thumb/v7e-m+fp/hard/crtn.o
 *(.fini)
 .fini          0x0000000008004124        0x4 C:/ST/STM32CubeIDE_1.14.0/STM32CubeIDE/plugins/com.st.stm32cube.ide.mcu.externaltools.gnu-tools-for-stm32.11.3.rel1.win32_1.1.100.202309141235/tools/bin/../lib/gcc/arm-none-eabi/11.3.1/thumb/v7e-m+fp/hard/crti.o
                0x0000000008004124                _fini
 .fini          0x0000000008004128        0x8 C:/ST/STM32CubeIDE_1.14.0/STM32CubeIDE/plugins/com.st.stm32cube.ide.mcu.externaltools.gnu-tools-for-stm32.11.3.rel1.win32_1.1.100.202309141235/tools/bin/../lib/gcc/arm-none-eabi/11.3.1/thumb/v7e-m+fp/hard/crtn.o
                0x0000000008004130                . = ALIGN (0x4)
                0x0000000008004130                _etext = .

.vfp11_veneer   0x0000000008004130        0x0
 .vfp11_veneer  0x0000000008004130        0x0 linker stubs

.v4_bx          0x0000000008004130        0x0
 .v4_bx         0x0000000008004130        0x0 linker stubs

.iplt           0x0000000008004130        0x0
 .iplt          0x0000000008004130        0x0 C:/ST/STM32CubeIDE_1.14.0/STM32CubeIDE/plugins/com.st.stm32cube.ide.mcu.externaltools.gnu-tools-for-stm32.11.3.rel1.win32_1.1.100.202309141235/tools/bin/../lib/gcc/arm-none-eabi/11.3.1/thumb/v7e-m+fp/hard/crtbegin.o

.rodata         0x0000000008004130       0xb4
                0x0000000008004130                . = ALIGN (0x4)
 *(.rodata)
 .rodata        0x0000000008004130       0x17 ./Src/main.o
 *fill*         0x0000000008004147        0x1 
 .rodata        0x0000000008004148        0x5 ./ThirdParty/FreeRTOS/tasks.o
 *fill*         0x000000000800414d        0x3 
 .rodata        0x0000000008004150        0xd ./ThirdParty/FreeRTOS/timers.o
 *fill*         0x000000000800415d        0x3 
 .rodata        0x0000000008004160       0x58 ./ThirdParty/SEGGER/OS/SEGGER_SYSVIEW_FreeRTOS.o
 .rodata        0x00000000080041b8        0x9 ./ThirdParty/SEGGER/SEGGER/SEGGER_RTT.o
 *(.rodata*)
 *fill*         0x00000000080041c1        0x3 
 .rodata._aInitStr.0
                0x00000000080041c4       0x11 ./ThirdParty/SEGGER/SEGGER/SEGGER_RTT.o
 *fill*         0x00000000080041d5        0x3 
 .rodata._abSync
                0x00000000080041d8        0xa ./ThirdParty/SEGGER/SEGGER/SEGGER_SYSVIEW.o
                0x00000000080041e4                . = ALIGN (0x4)
 *fill*         0x00000000080041e2        0x2 

.rel.dyn        0x00000000080041e4        0x0
 .rel.iplt      0x00000000080041e4        0x0 C:/ST/STM32CubeIDE_1.14.0/STM32CubeIDE/plugins/com.st.stm32cube.ide.mcu.externaltools.gnu-tools-for-stm32.11.3.rel1.win32_1.1.100.202309141235/tools/bin/../lib/gcc/arm-none-eabi/11.3.1/thumb/v7e-m+fp/hard/crtbegin.o

.ARM.extab      0x00000000080041e4        0x0
                0x00000000080041e4                . = ALIGN (0x4)
 *(.ARM.extab* .gnu.linkonce.armextab.*)
                0x00000000080041e4                . = ALIGN (0x4)

.ARM            0x00000000080041e4        0x0
                0x00000000080041e4                . = ALIGN (0x4)
                0x00000000080041e4                __exidx_start = .
 *(.ARM.exidx*)
                0x00000000080041e4                __exidx_end = .
                0x00000000080041e4                . = ALIGN (0x4)

.preinit_array  0x00000000080041e4        0x0
                0x00000000080041e4                . = ALIGN (0x4)
                0x00000000080041e4                PROVIDE (__preinit_array_start = .)
 *(.preinit_array*)
                0x00000000080041e4                PROVIDE (__preinit_array_end = .)
                0x00000000080041e4                . = ALIGN (0x4)

.init_array     0x00000000080041e4        0x4
                0x00000000080041e4                . = ALIGN (0x4)
                0x00000000080041e4                PROVIDE (__init_array_start = .)
 *(SORT_BY_NAME(.init_array.*))
 *(.init_array*)
 .init_array    0x00000000080041e4        0x4 C:/ST/STM32CubeIDE_1.14.0/STM32CubeIDE/plugins/com.st.stm32cube.ide.mcu.externaltools.gnu-tools-for-stm32.11.3.rel1.win32_1.1.100.202309141235/tools/bin/../lib/gcc/arm-none-eabi/11.3.1/thumb/v7e-m+fp/hard/crtbegin.o
                0x00000000080041e8                PROVIDE (__init_array_end = .)
                0x00000000080041e8                . = ALIGN (0x4)

.fini_array     0x00000000080041e8        0x4
                0x00000000080041e8                . = ALIGN (0x4)
                [!provide]                        PROVIDE (__fini_array_start = .)
 *(SORT_BY_NAME(.fini_array.*))
 *(.fini_array*)
 .fini_array    0x00000000080041e8        0x4 C:/ST/STM32CubeIDE_1.14.0/STM32CubeIDE/plugins/com.st.stm32cube.ide.mcu.externaltools.gnu-tools-for-stm32.11.3.rel1.win32_1.1.100.202309141235/tools/bin/../lib/gcc/arm-none-eabi/11.3.1/thumb/v7e-m+fp/hard/crtbegin.o
                [!provide]                        PROVIDE (__fini_array_end = .)
                0x00000000080041ec                . = ALIGN (0x4)
                0x00000000080041ec                _sidata = LOADADDR (.data)

.data           0x0000000020000000        0x8 load address 0x00000000080041ec
                0x0000000020000000                . = ALIGN (0x4)
                0x0000000020000000                _sdata = .
 *(.data)
 *(.data*)
 .data.uxTopUsedPriority
                0x0000000020000000        0x4 ./ThirdParty/FreeRTOS/tasks.o
                0x0000000020000000                uxTopUsedPriority
 .data.uxCriticalNesting
                0x0000000020000004        0x4 ./ThirdParty/FreeRTOS/portable/GCC/ARM_CM4F/port.o
 *(.RamFunc)
 *(.RamFunc*)
                0x0000000020000008                . = ALIGN (0x4)
                0x0000000020000008                _edata = .
                0x00000000080041f4                _siccmram = LOADADDR (.ccmram)

.igot.plt       0x0000000020000008        0x0 load address 0x00000000080041f4
 .igot.plt      0x0000000020000008        0x0 C:/ST/STM32CubeIDE_1.14.0/STM32CubeIDE/plugins/com.st.stm32cube.ide.mcu.externaltools.gnu-tools-for-stm32.11.3.rel1.win32_1.1.100.202309141235/tools/bin/../lib/gcc/arm-none-eabi/11.3.1/thumb/v7e-m+fp/hard/crtbegin.o

.ccmram         0x0000000010000000        0x0 load address 0x00000000080041f4
                0x0000000010000000                . = ALIGN (0x4)
                0x0000000010000000                _sccmram = .
 *(.ccmram)
 *(.ccmram*)
                0x0000000010000000                . = ALIGN (0x4)
                0x0000000010000000                _eccmram = .
                0x0000000010000000                . = ALIGN (0x4)

.bss            0x0000000020000008    0x13440
                0x0000000020000008                _sbss = .
                0x0000000020000008                __bss_start__ = _sbss
 *(.bss)
 .bss           0x0000000020000008       0x1c C:/ST/STM32CubeIDE_1.14.0/STM32CubeIDE/plugins/com.st.stm32cube.ide.mcu.externaltools.gnu-tools-for-stm32.11.3.rel1.win32_1.1.100.202309141235/tools/bin/../lib/gcc/arm-none-eabi/11.3.1/thumb/v7e-m+fp/hard/crtbegin.o
 *(.bss*)
 .bss.Addr      0x0000000020000024        0x4 ./Src/main.o
                0x0000000020000024                Addr
 .bss.Data      0x0000000020000028        0x4 ./Src/main.o
                0x0000000020000028                Data
 .bss.xQueueRegistry
                0x000000002000002c       0x40 ./ThirdParty/FreeRTOS/queue.o
                0x000000002000002c                xQueueRegistry
 .bss.pxCurrentTCB
                0x000000002000006c        0x4 ./ThirdParty/FreeRTOS/tasks.o
                0x000000002000006c                pxCurrentTCB
 .bss.pxReadyTasksLists
                0x0000000020000070       0x64 ./ThirdParty/FreeRTOS/tasks.o
 .bss.xDelayedTaskList1
                0x00000000200000d4       0x14 ./ThirdParty/FreeRTOS/tasks.o
 .bss.xDelayedTaskList2
                0x00000000200000e8       0x14 ./ThirdParty/FreeRTOS/tasks.o
 .bss.pxDelayedTaskList
                0x00000000200000fc        0x4 ./ThirdParty/FreeRTOS/tasks.o
 .bss.pxOverflowDelayedTaskList
                0x0000000020000100        0x4 ./ThirdParty/FreeRTOS/tasks.o
 .bss.xPendingReadyList
                0x0000000020000104       0x14 ./ThirdParty/FreeRTOS/tasks.o
 .bss.xTasksWaitingTermination
                0x0000000020000118       0x14 ./ThirdParty/FreeRTOS/tasks.o
 .bss.uxDeletedTasksWaitingCleanUp
                0x000000002000012c        0x4 ./ThirdParty/FreeRTOS/tasks.o
 .bss.xSuspendedTaskList
                0x0000000020000130       0x14 ./ThirdParty/FreeRTOS/tasks.o
 .bss.uxCurrentNumberOfTasks
                0x0000000020000144        0x4 ./ThirdParty/FreeRTOS/tasks.o
 .bss.xTickCount
                0x0000000020000148        0x4 ./ThirdParty/FreeRTOS/tasks.o
 .bss.uxTopReadyPriority
                0x000000002000014c        0x4 ./ThirdParty/FreeRTOS/tasks.o
 .bss.xSchedulerRunning
                0x0000000020000150        0x4 ./ThirdParty/FreeRTOS/tasks.o
 .bss.xPendedTicks
                0x0000000020000154        0x4 ./ThirdParty/FreeRTOS/tasks.o
 .bss.xYieldPending
                0x0000000020000158        0x4 ./ThirdParty/FreeRTOS/tasks.o
 .bss.xNumOfOverflows
                0x000000002000015c        0x4 ./ThirdParty/FreeRTOS/tasks.o
 .bss.uxTaskNumber
                0x0000000020000160        0x4 ./ThirdParty/FreeRTOS/tasks.o
 .bss.xNextTaskUnblockTime
                0x0000000020000164        0x4 ./ThirdParty/FreeRTOS/tasks.o
 .bss.xIdleTaskHandle
                0x0000000020000168        0x4 ./ThirdParty/FreeRTOS/tasks.o
 .bss.uxSchedulerSuspended
                0x000000002000016c        0x4 ./ThirdParty/FreeRTOS/tasks.o
 .bss.xActiveTimerList1
                0x0000000020000170       0x14 ./ThirdParty/FreeRTOS/timers.o
 .bss.xActiveTimerList2
                0x0000000020000184       0x14 ./ThirdParty/FreeRTOS/timers.o
 .bss.pxCurrentTimerList
                0x0000000020000198        0x4 ./ThirdParty/FreeRTOS/timers.o
 .bss.pxOverflowTimerList
                0x000000002000019c        0x4 ./ThirdParty/FreeRTOS/timers.o
 .bss.xTimerQueue
                0x00000000200001a0        0x4 ./ThirdParty/FreeRTOS/timers.o
 .bss.xTimerTaskHandle
                0x00000000200001a4        0x4 ./ThirdParty/FreeRTOS/timers.o
 .bss.xLastTime.0
                0x00000000200001a8        0x4 ./ThirdParty/FreeRTOS/timers.o
 .bss.ucMaxSysCallPriority
                0x00000000200001ac        0x1 ./ThirdParty/FreeRTOS/portable/GCC/ARM_CM4F/port.o
 *fill*         0x00000000200001ad        0x3 
 .bss.ulMaxPRIGROUPValue
                0x00000000200001b0        0x4 ./ThirdParty/FreeRTOS/portable/GCC/ARM_CM4F/port.o
 .bss.ucHeap    0x00000000200001b4    0x12c00 ./ThirdParty/FreeRTOS/portable/MemMang/heap_4.o
 .bss.xStart    0x0000000020012db4        0x8 ./ThirdParty/FreeRTOS/portable/MemMang/heap_4.o
 .bss.pxEnd     0x0000000020012dbc        0x4 ./ThirdParty/FreeRTOS/portable/MemMang/heap_4.o
 .bss.xFreeBytesRemaining
                0x0000000020012dc0        0x4 ./ThirdParty/FreeRTOS/portable/MemMang/heap_4.o
 .bss.xMinimumEverFreeBytesRemaining
                0x0000000020012dc4        0x4 ./ThirdParty/FreeRTOS/portable/MemMang/heap_4.o
 .bss.xNumberOfSuccessfulAllocations
                0x0000000020012dc8        0x4 ./ThirdParty/FreeRTOS/portable/MemMang/heap_4.o
 .bss.xNumberOfSuccessfulFrees
                0x0000000020012dcc        0x4 ./ThirdParty/FreeRTOS/portable/MemMang/heap_4.o
 .bss._aTasks   0x0000000020012dd0       0xa0 ./ThirdParty/SEGGER/OS/SEGGER_SYSVIEW_FreeRTOS.o
 .bss._NumTasks
                0x0000000020012e70        0x4 ./ThirdParty/SEGGER/OS/SEGGER_SYSVIEW_FreeRTOS.o
 .bss._cbOnRx   0x0000000020012e74        0x4 ./ThirdParty/SEGGER/Rec/segger_uart.o
 .bss._cbOnTx   0x0000000020012e78        0x4 ./ThirdParty/SEGGER/Rec/segger_uart.o
 .bss._SEGGER_RTT
                0x0000000020012e7c       0xa8 ./ThirdParty/SEGGER/SEGGER/SEGGER_RTT.o
                0x0000000020012e7c                _SEGGER_RTT
 .bss._acUpBuffer
                0x0000000020012f24      0x400 ./ThirdParty/SEGGER/SEGGER/SEGGER_RTT.o
 .bss._acDownBuffer
                0x0000000020013324       0x10 ./ThirdParty/SEGGER/SEGGER/SEGGER_RTT.o
 .bss._SYSVIEW_Globals
                0x0000000020013334       0x28 ./ThirdParty/SEGGER/SEGGER/SEGGER_SYSVIEW.o
 .bss._pFirstModule
                0x000000002001335c        0x4 ./ThirdParty/SEGGER/SEGGER/SEGGER_SYSVIEW.o
 .bss._NumModules
                0x0000000020013360        0x1 ./ThirdParty/SEGGER/SEGGER/SEGGER_SYSVIEW.o
 *fill*         0x0000000020013361        0x3 
 .bss._aPacket  0x0000000020013364       0xe3 ./ThirdParty/SEGGER/SEGGER/SEGGER_SYSVIEW.o
 *(COMMON)
                0x0000000020013448                . = ALIGN (0x4)
 *fill*         0x0000000020013447        0x1 
                0x0000000020013448                _ebss = .
                0x0000000020013448                __bss_end__ = _ebss

._user_heap_stack
                0x0000000020013448      0x600
                0x0000000020013448                . = ALIGN (0x8)
                [!provide]                        PROVIDE (end = .)
                0x0000000020013448                PROVIDE (_end = .)
                0x0000000020013648                . = (. + _Min_Heap_Size)
 *fill*         0x0000000020013448      0x200 
                0x0000000020013a48                . = (. + _Min_Stack_Size)
 *fill*         0x0000000020013648      0x400 
                0x0000000020013a48                . = ALIGN (0x8)

/DISCARD/
 libc.a(*)
 libm.a(*)
 libgcc.a(*)

.ARM.attributes
                0x0000000000000000       0x30
 *(.ARM.attributes)
 .ARM.attributes
                0x0000000000000000       0x1e C:/ST/STM32CubeIDE_1.14.0/STM32CubeIDE/plugins/com.st.stm32cube.ide.mcu.externaltools.gnu-tools-for-stm32.11.3.rel1.win32_1.1.100.202309141235/tools/bin/../lib/gcc/arm-none-eabi/11.3.1/thumb/v7e-m+fp/hard/crti.o
 .ARM.attributes
                0x000000000000001e       0x34 C:/ST/STM32CubeIDE_1.14.0/STM32CubeIDE/plugins/com.st.stm32cube.ide.mcu.externaltools.gnu-tools-for-stm32.11.3.rel1.win32_1.1.100.202309141235/tools/bin/../lib/gcc/arm-none-eabi/11.3.1/thumb/v7e-m+fp/hard/crtbegin.o
 .ARM.attributes
                0x0000000000000052       0x34 ./GPIO/GPIO.o
 .ARM.attributes
                0x0000000000000086       0x34 ./I2C/i2c.o
 .ARM.attributes
                0x00000000000000ba       0x34 ./Src/main.o
 .ARM.attributes
                0x00000000000000ee       0x21 ./Startup/startup_stm32f407vetx.o
 .ARM.attributes
                0x000000000000010f       0x34 ./ThirdParty/FreeRTOS/list.o
 .ARM.attributes
                0x0000000000000143       0x34 ./ThirdParty/FreeRTOS/queue.o
 .ARM.attributes
                0x0000000000000177       0x34 ./ThirdParty/FreeRTOS/tasks.o
 .ARM.attributes
                0x00000000000001ab       0x34 ./ThirdParty/FreeRTOS/timers.o
 .ARM.attributes
                0x00000000000001df       0x34 ./ThirdParty/FreeRTOS/portable/GCC/ARM_CM4F/port.o
 .ARM.attributes
                0x0000000000000213       0x34 ./ThirdParty/FreeRTOS/portable/MemMang/heap_4.o
 .ARM.attributes
                0x0000000000000247       0x34 ./ThirdParty/SEGGER/OS/SEGGER_SYSVIEW_FreeRTOS.o
 .ARM.attributes
                0x000000000000027b       0x34 ./ThirdParty/SEGGER/Rec/segger_uart.o
 .ARM.attributes
                0x00000000000002af       0x34 ./ThirdParty/SEGGER/SEGGER/SEGGER_RTT.o
 .ARM.attributes
                0x00000000000002e3       0x20 ./ThirdParty/SEGGER/SEGGER/SEGGER_RTT_ASM_ARMv7M.o
 .ARM.attributes
                0x0000000000000303       0x34 ./ThirdParty/SEGGER/SEGGER/SEGGER_SYSVIEW.o
 .ARM.attributes
                0x0000000000000337       0x34 C:/ST/STM32CubeIDE_1.14.0/STM32CubeIDE/plugins/com.st.stm32cube.ide.mcu.externaltools.gnu-tools-for-stm32.11.3.rel1.win32_1.1.100.202309141235/tools/bin/../lib/gcc/arm-none-eabi/11.3.1/../../../../arm-none-eabi/lib/thumb/v7e-m+fp/hard\libc_nano.a(libc_a-memcmp.o)
 .ARM.attributes
                0x000000000000036b       0x34 C:/ST/STM32CubeIDE_1.14.0/STM32CubeIDE/plugins/com.st.stm32cube.ide.mcu.externaltools.gnu-tools-for-stm32.11.3.rel1.win32_1.1.100.202309141235/tools/bin/../lib/gcc/arm-none-eabi/11.3.1/../../../../arm-none-eabi/lib/thumb/v7e-m+fp/hard\libc_nano.a(libc_a-memset.o)
 .ARM.attributes
                0x000000000000039f       0x34 C:/ST/STM32CubeIDE_1.14.0/STM32CubeIDE/plugins/com.st.stm32cube.ide.mcu.externaltools.gnu-tools-for-stm32.11.3.rel1.win32_1.1.100.202309141235/tools/bin/../lib/gcc/arm-none-eabi/11.3.1/../../../../arm-none-eabi/lib/thumb/v7e-m+fp/hard\libc_nano.a(libc_a-init.o)
 .ARM.attributes
                0x00000000000003d3       0x34 C:/ST/STM32CubeIDE_1.14.0/STM32CubeIDE/plugins/com.st.stm32cube.ide.mcu.externaltools.gnu-tools-for-stm32.11.3.rel1.win32_1.1.100.202309141235/tools/bin/../lib/gcc/arm-none-eabi/11.3.1/../../../../arm-none-eabi/lib/thumb/v7e-m+fp/hard\libc_nano.a(libc_a-memcpy-stub.o)
 .ARM.attributes
                0x0000000000000407       0x1e C:/ST/STM32CubeIDE_1.14.0/STM32CubeIDE/plugins/com.st.stm32cube.ide.mcu.externaltools.gnu-tools-for-stm32.11.3.rel1.win32_1.1.100.202309141235/tools/bin/../lib/gcc/arm-none-eabi/11.3.1/thumb/v7e-m+fp/hard/crtn.o
OUTPUT(Led_Temp_Eeprom.elf elf32-littlearm)
LOAD linker stubs
LOAD C:/ST/STM32CubeIDE_1.14.0/STM32CubeIDE/plugins/com.st.stm32cube.ide.mcu.externaltools.gnu-tools-for-stm32.11.3.rel1.win32_1.1.100.202309141235/tools/bin/../lib/gcc/arm-none-eabi/11.3.1/../../../../arm-none-eabi/lib/thumb/v7e-m+fp/hard\libc.a
LOAD C:/ST/STM32CubeIDE_1.14.0/STM32CubeIDE/plugins/com.st.stm32cube.ide.mcu.externaltools.gnu-tools-for-stm32.11.3.rel1.win32_1.1.100.202309141235/tools/bin/../lib/gcc/arm-none-eabi/11.3.1/../../../../arm-none-eabi/lib/thumb/v7e-m+fp/hard\libm.a
LOAD C:/ST/STM32CubeIDE_1.14.0/STM32CubeIDE/plugins/com.st.stm32cube.ide.mcu.externaltools.gnu-tools-for-stm32.11.3.rel1.win32_1.1.100.202309141235/tools/bin/../lib/gcc/arm-none-eabi/11.3.1/thumb/v7e-m+fp/hard\libgcc.a

.comment        0x0000000000000000       0x43
 .comment       0x0000000000000000       0x43 C:/ST/STM32CubeIDE_1.14.0/STM32CubeIDE/plugins/com.st.stm32cube.ide.mcu.externaltools.gnu-tools-for-stm32.11.3.rel1.win32_1.1.100.202309141235/tools/bin/../lib/gcc/arm-none-eabi/11.3.1/thumb/v7e-m+fp/hard/crtbegin.o
                                         0x44 (size before relaxing)
 .comment       0x0000000000000043       0x44 ./GPIO/GPIO.o
 .comment       0x0000000000000043       0x44 ./I2C/i2c.o
 .comment       0x0000000000000043       0x44 ./Src/main.o
 .comment       0x0000000000000043       0x44 ./ThirdParty/FreeRTOS/list.o
 .comment       0x0000000000000043       0x44 ./ThirdParty/FreeRTOS/queue.o
 .comment       0x0000000000000043       0x44 ./ThirdParty/FreeRTOS/tasks.o
 .comment       0x0000000000000043       0x44 ./ThirdParty/FreeRTOS/timers.o
 .comment       0x0000000000000043       0x44 ./ThirdParty/FreeRTOS/portable/GCC/ARM_CM4F/port.o
 .comment       0x0000000000000043       0x44 ./ThirdParty/FreeRTOS/portable/MemMang/heap_4.o
 .comment       0x0000000000000043       0x44 ./ThirdParty/SEGGER/OS/SEGGER_SYSVIEW_FreeRTOS.o
 .comment       0x0000000000000043       0x44 ./ThirdParty/SEGGER/Rec/segger_uart.o
 .comment       0x0000000000000043       0x44 ./ThirdParty/SEGGER/SEGGER/SEGGER_RTT.o
 .comment       0x0000000000000043       0x44 ./ThirdParty/SEGGER/SEGGER/SEGGER_SYSVIEW.o

.debug_info     0x0000000000000000     0xb766
 .debug_info    0x0000000000000000       0x9b ./GPIO/GPIO.o
 .debug_info    0x000000000000009b      0x126 ./I2C/i2c.o
 .debug_info    0x00000000000001c1      0x2db ./Src/main.o
 .debug_info    0x000000000000049c       0x23 ./Startup/startup_stm32f407vetx.o
 .debug_info    0x00000000000004bf      0x2af ./ThirdParty/FreeRTOS/list.o
 .debug_info    0x000000000000076e     0x18ec ./ThirdParty/FreeRTOS/queue.o
 .debug_info    0x000000000000205a     0x25ec ./ThirdParty/FreeRTOS/tasks.o
 .debug_info    0x0000000000004646      0xe20 ./ThirdParty/FreeRTOS/timers.o
 .debug_info    0x0000000000005466      0x591 ./ThirdParty/FreeRTOS/portable/GCC/ARM_CM4F/port.o
 .debug_info    0x00000000000059f7      0x523 ./ThirdParty/FreeRTOS/portable/MemMang/heap_4.o
 .debug_info    0x0000000000005f1a      0x40e ./ThirdParty/SEGGER/OS/SEGGER_SYSVIEW_FreeRTOS.o
 .debug_info    0x0000000000006328      0x397 ./ThirdParty/SEGGER/Rec/segger_uart.o
 .debug_info    0x00000000000066bf     0x14b3 ./ThirdParty/SEGGER/SEGGER/SEGGER_RTT.o
 .debug_info    0x0000000000007b72       0x25 ./ThirdParty/SEGGER/SEGGER/SEGGER_RTT_ASM_ARMv7M.o
 .debug_info    0x0000000000007b97     0x3bcf ./ThirdParty/SEGGER/SEGGER/SEGGER_SYSVIEW.o

.debug_abbrev   0x0000000000000000     0x1b00
 .debug_abbrev  0x0000000000000000       0x52 ./GPIO/GPIO.o
 .debug_abbrev  0x0000000000000052       0x96 ./I2C/i2c.o
 .debug_abbrev  0x00000000000000e8      0x1e0 ./Src/main.o
 .debug_abbrev  0x00000000000002c8       0x12 ./Startup/startup_stm32f407vetx.o
 .debug_abbrev  0x00000000000002da       0xf5 ./ThirdParty/FreeRTOS/list.o
 .debug_abbrev  0x00000000000003cf      0x321 ./ThirdParty/FreeRTOS/queue.o
 .debug_abbrev  0x00000000000006f0      0x3d0 ./ThirdParty/FreeRTOS/tasks.o
 .debug_abbrev  0x0000000000000ac0      0x2cb ./ThirdParty/FreeRTOS/timers.o
 .debug_abbrev  0x0000000000000d8b      0x247 ./ThirdParty/FreeRTOS/portable/GCC/ARM_CM4F/port.o
 .debug_abbrev  0x0000000000000fd2      0x256 ./ThirdParty/FreeRTOS/portable/MemMang/heap_4.o
 .debug_abbrev  0x0000000000001228      0x191 ./ThirdParty/SEGGER/OS/SEGGER_SYSVIEW_FreeRTOS.o
 .debug_abbrev  0x00000000000013b9      0x1e1 ./ThirdParty/SEGGER/Rec/segger_uart.o
 .debug_abbrev  0x000000000000159a      0x21f ./ThirdParty/SEGGER/SEGGER/SEGGER_RTT.o
 .debug_abbrev  0x00000000000017b9       0x14 ./ThirdParty/SEGGER/SEGGER/SEGGER_RTT_ASM_ARMv7M.o
 .debug_abbrev  0x00000000000017cd      0x333 ./ThirdParty/SEGGER/SEGGER/SEGGER_SYSVIEW.o

.debug_aranges  0x0000000000000000      0xae0
 .debug_aranges
                0x0000000000000000       0x20 ./GPIO/GPIO.o
 .debug_aranges
                0x0000000000000020       0x40 ./I2C/i2c.o
 .debug_aranges
                0x0000000000000060       0x38 ./Src/main.o
 .debug_aranges
                0x0000000000000098       0x28 ./Startup/startup_stm32f407vetx.o
 .debug_aranges
                0x00000000000000c0       0x40 ./ThirdParty/FreeRTOS/list.o
 .debug_aranges
                0x0000000000000100      0x130 ./ThirdParty/FreeRTOS/queue.o
 .debug_aranges
                0x0000000000000230      0x208 ./ThirdParty/FreeRTOS/tasks.o
 .debug_aranges
                0x0000000000000438       0xe8 ./ThirdParty/FreeRTOS/timers.o
 .debug_aranges
                0x0000000000000520       0x88 ./ThirdParty/FreeRTOS/portable/GCC/ARM_CM4F/port.o
 .debug_aranges
                0x00000000000005a8       0x60 ./ThirdParty/FreeRTOS/portable/MemMang/heap_4.o
 .debug_aranges
                0x0000000000000608       0x48 ./ThirdParty/SEGGER/OS/SEGGER_SYSVIEW_FreeRTOS.o
 .debug_aranges
                0x0000000000000650       0x58 ./ThirdParty/SEGGER/Rec/segger_uart.o
 .debug_aranges
                0x00000000000006a8      0x138 ./ThirdParty/SEGGER/SEGGER/SEGGER_RTT.o
 .debug_aranges
                0x00000000000007e0       0x20 ./ThirdParty/SEGGER/SEGGER/SEGGER_RTT_ASM_ARMv7M.o
 .debug_aranges
                0x0000000000000800      0x2e0 ./ThirdParty/SEGGER/SEGGER/SEGGER_SYSVIEW.o

.debug_rnglists
                0x0000000000000000      0x846
 .debug_rnglists
                0x0000000000000000       0x13 ./GPIO/GPIO.o
 .debug_rnglists
                0x0000000000000013       0x2c ./I2C/i2c.o
 .debug_rnglists
                0x000000000000003f       0x26 ./Src/main.o
 .debug_rnglists
                0x0000000000000065       0x19 ./Startup/startup_stm32f407vetx.o
 .debug_rnglists
                0x000000000000007e       0x2b ./ThirdParty/FreeRTOS/list.o
 .debug_rnglists
                0x00000000000000a9       0xec ./ThirdParty/FreeRTOS/queue.o
 .debug_rnglists
                0x0000000000000195      0x1a1 ./ThirdParty/FreeRTOS/tasks.o
 .debug_rnglists
                0x0000000000000336       0xad ./ThirdParty/FreeRTOS/timers.o
 .debug_rnglists
                0x00000000000003e3       0x64 ./ThirdParty/FreeRTOS/portable/GCC/ARM_CM4F/port.o
 .debug_rnglists
                0x0000000000000447       0x48 ./ThirdParty/FreeRTOS/portable/MemMang/heap_4.o
 .debug_rnglists
                0x000000000000048f       0x36 ./ThirdParty/SEGGER/OS/SEGGER_SYSVIEW_FreeRTOS.o
 .debug_rnglists
                0x00000000000004c5       0x3f ./ThirdParty/SEGGER/Rec/segger_uart.o
 .debug_rnglists
                0x0000000000000504       0xf5 ./ThirdParty/SEGGER/SEGGER/SEGGER_RTT.o
 .debug_rnglists
                0x00000000000005f9      0x24d ./ThirdParty/SEGGER/SEGGER/SEGGER_SYSVIEW.o

.debug_macro    0x0000000000000000     0x42a7
 .debug_macro   0x0000000000000000       0x72 ./GPIO/GPIO.o
 .debug_macro   0x0000000000000072      0xaae ./GPIO/GPIO.o
 .debug_macro   0x0000000000000b20       0x22 ./GPIO/GPIO.o
 .debug_macro   0x0000000000000b42       0x8e ./GPIO/GPIO.o
 .debug_macro   0x0000000000000bd0       0x51 ./GPIO/GPIO.o
 .debug_macro   0x0000000000000c21      0x103 ./GPIO/GPIO.o
 .debug_macro   0x0000000000000d24       0x6a ./GPIO/GPIO.o
 .debug_macro   0x0000000000000d8e      0x1df ./GPIO/GPIO.o
 .debug_macro   0x0000000000000f6d       0x3a ./GPIO/GPIO.o
 .debug_macro   0x0000000000000fa7       0x7b ./I2C/i2c.o
 .debug_macro   0x0000000000001022       0x64 ./I2C/i2c.o
 .debug_macro   0x0000000000001086      0x14d ./Src/main.o
 .debug_macro   0x00000000000011d3      0x174 ./Src/main.o
 .debug_macro   0x0000000000001347      0x106 ./Src/main.o
 .debug_macro   0x000000000000144d       0x58 ./Src/main.o
 .debug_macro   0x00000000000014a5       0x46 ./Src/main.o
 .debug_macro   0x00000000000014eb       0x64 ./Src/main.o
 .debug_macro   0x000000000000154f       0x16 ./Src/main.o
 .debug_macro   0x0000000000001565       0x49 ./Src/main.o
 .debug_macro   0x00000000000015ae       0xca ./Src/main.o
 .debug_macro   0x0000000000001678      0x220 ./Src/main.o
 .debug_macro   0x0000000000001898      0x458 ./Src/main.o
 .debug_macro   0x0000000000001cf0      0x15a ./Src/main.o
 .debug_macro   0x0000000000001e4a       0xea ./Src/main.o
 .debug_macro   0x0000000000001f34       0x28 ./Src/main.o
 .debug_macro   0x0000000000001f5c       0x1f ./Src/main.o
 .debug_macro   0x0000000000001f7b       0x12 ./Src/main.o
 .debug_macro   0x0000000000001f8d      0x3f9 ./Src/main.o
 .debug_macro   0x0000000000002386       0xc3 ./Src/main.o
 .debug_macro   0x0000000000002449      0x120 ./Src/main.o
 .debug_macro   0x0000000000002569      0x1f8 ./ThirdParty/FreeRTOS/list.o
 .debug_macro   0x0000000000002761      0x28f ./ThirdParty/FreeRTOS/queue.o
 .debug_macro   0x00000000000029f0       0x16 ./ThirdParty/FreeRTOS/queue.o
 .debug_macro   0x0000000000002a06       0x20 ./ThirdParty/FreeRTOS/queue.o
 .debug_macro   0x0000000000002a26       0x80 ./ThirdParty/FreeRTOS/queue.o
 .debug_macro   0x0000000000002aa6      0x2de ./ThirdParty/FreeRTOS/tasks.o
 .debug_macro   0x0000000000002d84       0x17 ./ThirdParty/FreeRTOS/tasks.o
 .debug_macro   0x0000000000002d9b      0x247 ./ThirdParty/FreeRTOS/timers.o
 .debug_macro   0x0000000000002fe2       0x97 ./ThirdParty/FreeRTOS/timers.o
 .debug_macro   0x0000000000003079      0x207 ./ThirdParty/FreeRTOS/portable/GCC/ARM_CM4F/port.o
 .debug_macro   0x0000000000003280      0x279 ./ThirdParty/FreeRTOS/portable/MemMang/heap_4.o
 .debug_macro   0x00000000000034f9      0x207 ./ThirdParty/SEGGER/OS/SEGGER_SYSVIEW_FreeRTOS.o
 .debug_macro   0x0000000000003700      0x2ca ./ThirdParty/SEGGER/Rec/segger_uart.o
 .debug_macro   0x00000000000039ca       0x35 ./ThirdParty/SEGGER/Rec/segger_uart.o
 .debug_macro   0x00000000000039ff      0x138 ./ThirdParty/SEGGER/Rec/segger_uart.o
 .debug_macro   0x0000000000003b37      0x1bd ./ThirdParty/SEGGER/SEGGER/SEGGER_RTT.o
 .debug_macro   0x0000000000003cf4      0x22a ./ThirdParty/SEGGER/SEGGER/SEGGER_SYSVIEW.o
 .debug_macro   0x0000000000003f1e      0x220 ./ThirdParty/SEGGER/SEGGER/SEGGER_SYSVIEW.o
 .debug_macro   0x000000000000413e      0x169 ./ThirdParty/SEGGER/SEGGER/SEGGER_SYSVIEW.o

.debug_line     0x0000000000000000     0xbeb2
 .debug_line    0x0000000000000000      0x416 ./GPIO/GPIO.o
 .debug_line    0x0000000000000416      0x538 ./I2C/i2c.o
 .debug_line    0x000000000000094e      0x827 ./Src/main.o
 .debug_line    0x0000000000001175       0x7b ./Startup/startup_stm32f407vetx.o
 .debug_line    0x00000000000011f0      0x92b ./ThirdParty/FreeRTOS/list.o
 .debug_line    0x0000000000001b1b     0x1869 ./ThirdParty/FreeRTOS/queue.o
 .debug_line    0x0000000000003384     0x2037 ./ThirdParty/FreeRTOS/tasks.o
 .debug_line    0x00000000000053bb      0xe4b ./ThirdParty/FreeRTOS/timers.o
 .debug_line    0x0000000000006206      0xa97 ./ThirdParty/FreeRTOS/portable/GCC/ARM_CM4F/port.o
 .debug_line    0x0000000000006c9d      0xbac ./ThirdParty/FreeRTOS/portable/MemMang/heap_4.o
 .debug_line    0x0000000000007849      0x9fe ./ThirdParty/SEGGER/OS/SEGGER_SYSVIEW_FreeRTOS.o
 .debug_line    0x0000000000008247      0x8b5 ./ThirdParty/SEGGER/Rec/segger_uart.o
 .debug_line    0x0000000000008afc      0xf19 ./ThirdParty/SEGGER/SEGGER/SEGGER_RTT.o
 .debug_line    0x0000000000009a15       0x86 ./ThirdParty/SEGGER/SEGGER/SEGGER_RTT_ASM_ARMv7M.o
 .debug_line    0x0000000000009a9b     0x2417 ./ThirdParty/SEGGER/SEGGER/SEGGER_SYSVIEW.o

.debug_str      0x0000000000000000    0x1732b
 .debug_str     0x0000000000000000     0x3cf7 ./GPIO/GPIO.o
                                       0x3e66 (size before relaxing)
 .debug_str     0x0000000000003cf7      0x305 ./I2C/i2c.o
                                       0x415f (size before relaxing)
 .debug_str     0x0000000000003ffc     0x9364 ./Src/main.o
                                       0xd598 (size before relaxing)
 .debug_str     0x000000000000d360       0x2f ./Startup/startup_stm32f407vetx.o
                                         0x5a (size before relaxing)
 .debug_str     0x000000000000d38f     0x3343 ./ThirdParty/FreeRTOS/list.o
                                       0xf131 (size before relaxing)
 .debug_str     0x00000000000106d2     0x14c6 ./ThirdParty/FreeRTOS/queue.o
                                      0x118b2 (size before relaxing)
 .debug_str     0x0000000000011b98     0x1bf7 ./ThirdParty/FreeRTOS/tasks.o
                                      0x123e7 (size before relaxing)
 .debug_str     0x000000000001378f      0x544 ./ThirdParty/FreeRTOS/timers.o
                                      0x119b0 (size before relaxing)
 .debug_str     0x0000000000013cd3      0x84d ./ThirdParty/FreeRTOS/portable/GCC/ARM_CM4F/port.o
                                       0xd9df (size before relaxing)
 .debug_str     0x0000000000014520      0x5d7 ./ThirdParty/FreeRTOS/portable/MemMang/heap_4.o
                                      0x1095b (size before relaxing)
 .debug_str     0x0000000000014af7      0x140 ./ThirdParty/SEGGER/OS/SEGGER_SYSVIEW_FreeRTOS.o
                                      0x10386 (size before relaxing)
 .debug_str     0x0000000000014c37     0x1048 ./ThirdParty/SEGGER/Rec/segger_uart.o
                                       0x9d03 (size before relaxing)
 .debug_str     0x0000000000015c7f      0x744 ./ThirdParty/SEGGER/SEGGER/SEGGER_RTT.o
                                       0x7ba3 (size before relaxing)
 .debug_str     0x00000000000163c3       0x34 ./ThirdParty/SEGGER/SEGGER/SEGGER_RTT_ASM_ARMv7M.o
                                         0x6b (size before relaxing)
 .debug_str     0x00000000000163f7      0xf34 ./ThirdParty/SEGGER/SEGGER/SEGGER_SYSVIEW.o
                                       0x9e4f (size before relaxing)

.debug_frame    0x0000000000000000     0x2cfc
 .debug_frame   0x0000000000000000       0x30 ./GPIO/GPIO.o
 .debug_frame   0x0000000000000030       0xc0 ./I2C/i2c.o
 .debug_frame   0x00000000000000f0       0x98 ./Src/main.o
 .debug_frame   0x0000000000000188       0xd8 ./ThirdParty/FreeRTOS/list.o
 .debug_frame   0x0000000000000260      0x544 ./ThirdParty/FreeRTOS/queue.o
 .debug_frame   0x00000000000007a4      0x904 ./ThirdParty/FreeRTOS/tasks.o
 .debug_frame   0x00000000000010a8      0x3c8 ./ThirdParty/FreeRTOS/timers.o
 .debug_frame   0x0000000000001470      0x1d0 ./ThirdParty/FreeRTOS/portable/GCC/ARM_CM4F/port.o
 .debug_frame   0x0000000000001640      0x150 ./ThirdParty/FreeRTOS/portable/MemMang/heap_4.o
 .debug_frame   0x0000000000001790      0x104 ./ThirdParty/SEGGER/OS/SEGGER_SYSVIEW_FreeRTOS.o
 .debug_frame   0x0000000000001894      0x128 ./ThirdParty/SEGGER/Rec/segger_uart.o
 .debug_frame   0x00000000000019bc      0x52c ./ThirdParty/SEGGER/SEGGER/SEGGER_RTT.o
 .debug_frame   0x0000000000001ee8      0xd78 ./ThirdParty/SEGGER/SEGGER/SEGGER_SYSVIEW.o
 .debug_frame   0x0000000000002c60       0x28 C:/ST/STM32CubeIDE_1.14.0/STM32CubeIDE/plugins/com.st.stm32cube.ide.mcu.externaltools.gnu-tools-for-stm32.11.3.rel1.win32_1.1.100.202309141235/tools/bin/../lib/gcc/arm-none-eabi/11.3.1/../../../../arm-none-eabi/lib/thumb/v7e-m+fp/hard\libc_nano.a(libc_a-memcmp.o)
 .debug_frame   0x0000000000002c88       0x20 C:/ST/STM32CubeIDE_1.14.0/STM32CubeIDE/plugins/com.st.stm32cube.ide.mcu.externaltools.gnu-tools-for-stm32.11.3.rel1.win32_1.1.100.202309141235/tools/bin/../lib/gcc/arm-none-eabi/11.3.1/../../../../arm-none-eabi/lib/thumb/v7e-m+fp/hard\libc_nano.a(libc_a-memset.o)
 .debug_frame   0x0000000000002ca8       0x2c C:/ST/STM32CubeIDE_1.14.0/STM32CubeIDE/plugins/com.st.stm32cube.ide.mcu.externaltools.gnu-tools-for-stm32.11.3.rel1.win32_1.1.100.202309141235/tools/bin/../lib/gcc/arm-none-eabi/11.3.1/../../../../arm-none-eabi/lib/thumb/v7e-m+fp/hard\libc_nano.a(libc_a-init.o)
 .debug_frame   0x0000000000002cd4       0x28 C:/ST/STM32CubeIDE_1.14.0/STM32CubeIDE/plugins/com.st.stm32cube.ide.mcu.externaltools.gnu-tools-for-stm32.11.3.rel1.win32_1.1.100.202309141235/tools/bin/../lib/gcc/arm-none-eabi/11.3.1/../../../../arm-none-eabi/lib/thumb/v7e-m+fp/hard\libc_nano.a(libc_a-memcpy-stub.o)

.debug_line_str
                0x0000000000000000       0x82
 .debug_line_str
                0x0000000000000000       0x4e ./Startup/startup_stm32f407vetx.o
                                         0x66 (size before relaxing)
 .debug_line_str
                0x000000000000004e       0x34 ./ThirdParty/SEGGER/SEGGER/SEGGER_RTT_ASM_ARMv7M.o
                                         0x77 (size before relaxing)
